// Jest Snapshot v1, https://goo.gl/fbAQLP

exports[`renders correctly 1`] = `
<div
  className="newFormContainer"
>
  <div
    className="MuiPaper-root-8 MuiPaper-elevation2-12 MuiPaper-rounded-9"
  >
    <div
      className="MuiGrid-container-35 MuiGrid-spacing-xs-16-58 MuiGrid-align-items-xs-center-43 MuiGrid-justify-xs-space-evenly-56"
    >
      <div
        className="MuiGrid-container-35 MuiGrid-item-36 MuiGrid-justify-xs-center-52"
      >
        <div
          className=""
        >
          <h1>
            Novo formulário
          </h1>
        </div>
      </div>
      <div
        className="MuiGrid-item-36 MuiGrid-zeroMinWidth-37"
      >
        <div
          className="MuiFormControl-root-132 MuiFormControl-marginNormal-133 field-name"
        >
          <label
            className="MuiFormLabel-root-147 MuiInputLabel-root-136 MuiInputLabel-formControl-141 MuiInputLabel-animated-144"
            data-shrink={false}
            htmlFor="form-name"
          >
            Nome do formulário
          </label>
          <div
            className="MuiInputBase-root-167 MuiInput-root-154 MuiInput-underline-158 MuiInputBase-formControl-168 MuiInput-formControl-155"
            onClick={[Function]}
          >
            <input
              aria-invalid={false}
              className="MuiInputBase-input-177 MuiInput-input-162"
              disabled={false}
              id="form-name"
              onBlur={[Function]}
              onChange={[Function]}
              onFocus={[Function]}
              required={false}
              type="text"
              value=""
            />
          </div>
        </div>
      </div>
      <div
        className="MuiGrid-item-36"
      >
        <div
          className="MuiFormControl-root-132 MuiFormControl-marginNormal-133 select-type"
        >
          <label
            className="MuiFormLabel-root-147 MuiFormLabel-filled-151 MuiInputLabel-root-136 MuiInputLabel-formControl-141 MuiInputLabel-animated-144 MuiInputLabel-shrink-143"
            data-shrink={true}
            htmlFor="office"
          >
            Secretaria
          </label>
          <div
            className="MuiInputBase-root-167 MuiInput-root-154 MuiInput-underline-158 MuiInputBase-formControl-168 MuiInput-formControl-155"
            onClick={[Function]}
          >
            <div
              className="MuiSelect-root-184"
            >
              <div
                aria-haspopup="true"
                aria-pressed="false"
                className="MuiSelect-select-185 MuiSelect-selectMenu-188 MuiInputBase-input-177 MuiInput-input-162"
                onBlur={[Function]}
                onClick={[Function]}
                onFocus={[Function]}
                onKeyDown={[Function]}
                role="button"
                tabIndex={0}
              >
                SMPED
              </div>
              <input
                id="office"
                type="hidden"
                value="smped"
              />
              <svg
                aria-hidden="true"
                className="MuiSvgIcon-root-191 MuiSelect-icon-190"
                focusable="false"
                role="presentation"
                viewBox="0 0 24 24"
              >
                <path
                  d="M7 10l5 5 5-5z"
                />
              </svg>
            </div>
          </div>
        </div>
      </div>
      <div
        className="MuiGrid-item-36 MuiGrid-zeroMinWidth-37"
      >
        <div
          className="MuiFormControl-root-132 MuiFormControl-marginNormal-133 field-name"
        >
          <label
            className="MuiFormLabel-root-147 MuiInputLabel-root-136 MuiInputLabel-formControl-141 MuiInputLabel-animated-144"
            data-shrink={false}
            htmlFor="form-activity"
          >
            Atividade
          </label>
          <div
            className="MuiInputBase-root-167 MuiInput-root-154 MuiInput-underline-158 MuiInputBase-formControl-168 MuiInput-formControl-155"
            onClick={[Function]}
          >
            <input
              aria-invalid={false}
              className="MuiInputBase-input-177 MuiInput-input-162"
              disabled={false}
              id="form-activity"
              onBlur={[Function]}
              onChange={[Function]}
              onFocus={[Function]}
              required={false}
              type="text"
              value=""
            />
          </div>
        </div>
      </div>
      <div
        className="MuiGrid-container-35 MuiGrid-item-36 MuiGrid-direction-xs-column-38"
      >
        <div
          aria-live="polite"
        />
      </div>
    </div>
    <div
      className="MuiGrid-container-35 MuiGrid-align-items-xs-center-43 MuiGrid-justify-xs-space-evenly-56"
    >
      <button
        className="MuiButtonBase-root-230 MuiButton-root-204 MuiButton-contained-215 MuiButton-containedPrimary-216 MuiButton-raised-218 MuiButton-raisedPrimary-219"
        disabled={false}
        id="novo-btn"
        onBlur={[Function]}
        onClick={[Function]}
        onFocus={[Function]}
        onKeyDown={[Function]}
        onKeyUp={[Function]}
        onMouseDown={[Function]}
        onMouseLeave={[Function]}
        onMouseUp={[Function]}
        onTouchEnd={[Function]}
        onTouchMove={[Function]}
        onTouchStart={[Function]}
        tabIndex="0"
        type="button"
      >
        <span
          className="MuiButton-label-205"
        >
          Novo item
        </span>
        <span
          className="MuiTouchRipple-root-233"
        />
      </button>
      <button
        className="MuiButtonBase-root-230 MuiButtonBase-disabled-231 MuiButton-root-204 MuiButton-contained-215 MuiButton-containedSecondary-217 MuiButton-raised-218 MuiButton-raisedSecondary-220 MuiButton-disabled-224"
        disabled={true}
        id="remover-btn"
        onBlur={[Function]}
        onClick={[Function]}
        onFocus={[Function]}
        onKeyDown={[Function]}
        onKeyUp={[Function]}
        onMouseDown={[Function]}
        onMouseLeave={[Function]}
        onMouseUp={[Function]}
        onTouchEnd={[Function]}
        onTouchMove={[Function]}
        onTouchStart={[Function]}
        tabIndex="-1"
        type="button"
      >
        <span
          className="MuiButton-label-205"
        >
          Remover Item
        </span>
      </button>
    </div>
    <div
      className="MuiGrid-container-35 MuiGrid-justify-xs-center-52"
      id="fields-grid"
    >
      <button
        className="MuiButtonBase-root-230 MuiButtonBase-disabled-231 MuiButton-root-204 MuiButton-contained-215 MuiButton-containedPrimary-216 MuiButton-raised-218 MuiButton-raisedPrimary-219 MuiButton-disabled-224"
        disabled={true}
        id="salvar-btn"
        onBlur={[Function]}
        onClick={[Function]}
        onFocus={[Function]}
        onKeyDown={[Function]}
        onKeyUp={[Function]}
        onMouseDown={[Function]}
        onMouseLeave={[Function]}
        onMouseUp={[Function]}
        onTouchEnd={[Function]}
        onTouchMove={[Function]}
        onTouchStart={[Function]}
        tabIndex="-1"
        type="button"
      >
        <span
          className="MuiButton-label-205"
        >
          Salvar formulário
          <svg
            aria-hidden="true"
            className="MuiSvgIcon-root-191"
            focusable="false"
            role="presentation"
            viewBox="0 0 24 24"
          >
            <path
              d="M0 0h24v24H0z"
              fill="none"
            />
            <path
              d="M17 3H5c-1.11 0-2 .9-2 2v14c0 1.1.89 2 2 2h14c1.1 0 2-.9 2-2V7l-4-4zm-5 16c-1.66 0-3-1.34-3-3s1.34-3 3-3 3 1.34 3 3-1.34 3-3 3zm3-10H5V5h10v4z"
            />
          </svg>
        </span>
      </button>
    </div>
  </div>
</div>
`;
