// Jest Snapshot v1, https://goo.gl/fbAQLP

exports[`renders correctly 1`] = `
<div
  className="new-form"
>
  <h1>
    Relatórios de atividades
  </h1>
  <div
    className="MuiTabs-root-8"
  >
    <div
      className="MuiTabs-flexContainer-9"
    >
      <div
        className="MuiTabs-scroller-11 MuiTabs-fixed-12"
        onScroll={[Function]}
        role="tablist"
        style={
          Object {
            "marginBottom": 0,
          }
        }
      >
        <div
          className="MuiTabs-flexContainer-9 MuiTabs-centered-10"
        >
          <button
            aria-selected={true}
            className="MuiButtonBase-root-29 MuiTab-root-17 MuiTab-textColorPrimary-20 MuiTab-selected-22"
            disabled={false}
            onBlur={[Function]}
            onClick={[Function]}
            onFocus={[Function]}
            onKeyDown={[Function]}
            onKeyUp={[Function]}
            onMouseDown={[Function]}
            onMouseLeave={[Function]}
            onMouseUp={[Function]}
            onTouchEnd={[Function]}
            onTouchMove={[Function]}
            onTouchStart={[Function]}
            role="tab"
            tabIndex="0"
            type="button"
          >
            <span
              className="MuiTab-wrapper-25"
            >
              <span
                className="MuiTab-labelContainer-26"
              >
                <span
                  className="MuiTab-label-27"
                >
                  Secretarias
                </span>
              </span>
            </span>
            <span
              className="MuiTouchRipple-root-91"
            />
          </button>
          <button
            aria-selected={false}
            className="MuiButtonBase-root-29 MuiTab-root-17 MuiTab-textColorPrimary-20"
            disabled={false}
            onBlur={[Function]}
            onClick={[Function]}
            onFocus={[Function]}
            onKeyDown={[Function]}
            onKeyUp={[Function]}
            onMouseDown={[Function]}
            onMouseLeave={[Function]}
            onMouseUp={[Function]}
            onTouchEnd={[Function]}
            onTouchMove={[Function]}
            onTouchStart={[Function]}
            role="tab"
            tabIndex="0"
            type="button"
          >
            <span
              className="MuiTab-wrapper-25"
            >
              <span
                className="MuiTab-labelContainer-26"
              >
                <span
                  className="MuiTab-label-27"
                >
                  Eixos
                </span>
              </span>
            </span>
            <span
              className="MuiTouchRipple-root-91"
            />
          </button>
        </div>
        <span
          className="MuiPrivateTabIndicator-root-32 MuiPrivateTabIndicator-colorPrimary-33 MuiTabs-indicator-16"
          style={
            Object {
              "left": 0,
              "width": 0,
            }
          }
        />
      </div>
    </div>
  </div>
  <div
    className="table"
    role="list"
  >
    <div>
      <div>
        <div
          className="MuiPaper-root-38 MuiPaper-elevation1-41 MuiExpansionPanel-root-35 category"
        >
          <div
            aria-expanded={false}
            className="MuiButtonBase-root-29 MuiExpansionPanelSummary-root-65"
            onBlur={[Function]}
            onClick={[Function]}
            onFocus={[Function]}
            onKeyDown={[Function]}
            onKeyUp={[Function]}
            onMouseDown={[Function]}
            onMouseLeave={[Function]}
            onMouseUp={[Function]}
            onTouchEnd={[Function]}
            onTouchMove={[Function]}
            onTouchStart={[Function]}
            role="button"
            tabIndex="0"
          >
            <div
              className="MuiExpansionPanelSummary-content-69"
            >
              Secretaria Municipal de Direitos Humanos
            </div>
            <div
              aria-hidden="true"
              className="MuiButtonBase-root-29 MuiIconButton-root-71 MuiExpansionPanelSummary-expandIcon-70"
              onBlur={[Function]}
              onFocus={[Function]}
              onKeyDown={[Function]}
              onKeyUp={[Function]}
              onMouseDown={[Function]}
              onMouseLeave={[Function]}
              onMouseUp={[Function]}
              onTouchEnd={[Function]}
              onTouchMove={[Function]}
              onTouchStart={[Function]}
              role="button"
              tabIndex={-1}
            >
              <span
                className="MuiIconButton-label-76"
              >
                <svg
                  aria-hidden="true"
                  className="MuiSvgIcon-root-77"
                  focusable="false"
                  role="presentation"
                  viewBox="0 0 24 24"
                >
                  <path
                    d="M16.59 8.59L12 13.17 7.41 8.59 6 10l6 6 6-6z"
                  />
                  <path
                    d="M0 0h24v24H0z"
                    fill="none"
                  />
                </svg>
              </span>
              <span
                className="MuiTouchRipple-root-91"
              />
            </div>
          </div>
          <div
            aria-hidden="true"
            className="MuiCollapse-container-86"
            style={
              Object {
                "minHeight": "0px",
              }
            }
          >
            <div
              className="MuiCollapse-wrapper-88"
            >
              <div
                className="MuiCollapse-wrapperInner-89"
              >
                <div
                  className="MuiExpansionPanelDetails-root-90 category-details"
                />
              </div>
            </div>
          </div>
        </div>
      </div>
      <div>
        <div
          className="MuiPaper-root-38 MuiPaper-elevation1-41 MuiExpansionPanel-root-35 category"
        >
          <div
            aria-expanded={false}
            className="MuiButtonBase-root-29 MuiExpansionPanelSummary-root-65"
            onBlur={[Function]}
            onClick={[Function]}
            onFocus={[Function]}
            onKeyDown={[Function]}
            onKeyUp={[Function]}
            onMouseDown={[Function]}
            onMouseLeave={[Function]}
            onMouseUp={[Function]}
            onTouchEnd={[Function]}
            onTouchMove={[Function]}
            onTouchStart={[Function]}
            role="button"
            tabIndex="0"
          >
            <div
              className="MuiExpansionPanelSummary-content-69"
            >
              Secretaria Municipal da Pessoa com Deficiência
            </div>
            <div
              aria-hidden="true"
              className="MuiButtonBase-root-29 MuiIconButton-root-71 MuiExpansionPanelSummary-expandIcon-70"
              onBlur={[Function]}
              onFocus={[Function]}
              onKeyDown={[Function]}
              onKeyUp={[Function]}
              onMouseDown={[Function]}
              onMouseLeave={[Function]}
              onMouseUp={[Function]}
              onTouchEnd={[Function]}
              onTouchMove={[Function]}
              onTouchStart={[Function]}
              role="button"
              tabIndex={-1}
            >
              <span
                className="MuiIconButton-label-76"
              >
                <svg
                  aria-hidden="true"
                  className="MuiSvgIcon-root-77"
                  focusable="false"
                  role="presentation"
                  viewBox="0 0 24 24"
                >
                  <path
                    d="M16.59 8.59L12 13.17 7.41 8.59 6 10l6 6 6-6z"
                  />
                  <path
                    d="M0 0h24v24H0z"
                    fill="none"
                  />
                </svg>
              </span>
              <span
                className="MuiTouchRipple-root-91"
              />
            </div>
          </div>
          <div
            aria-hidden="true"
            className="MuiCollapse-container-86"
            style={
              Object {
                "minHeight": "0px",
              }
            }
          >
            <div
              className="MuiCollapse-wrapper-88"
            >
              <div
                className="MuiCollapse-wrapperInner-89"
              >
                <div
                  className="MuiExpansionPanelDetails-root-90 category-details"
                />
              </div>
            </div>
          </div>
        </div>
      </div>
    </div>
  </div>
  <button
    className="btn btn-lg btn-primary btn-block"
    id="button"
    onClick={[Function]}
    type="button"
  >
     
    Novo formulário
     
  </button>
</div>
`;
